QuestaSim-64 qrun 2024.3_1 Utility 2024.10 Oct 17 2024
Start time: 16:13:16 on Jun 03,2025
qrun -batch -access=rw+/. -timescale 1ns/1ns -mfcu design.sv testbench.sv -voptargs="+acc=npr" -do " run -all; exit" 
Creating library 'qrun.out/work'.
QuestaSim-64 vlog 2024.3_1 Compiler 2024.10 Oct 17 2024
Start time: 16:13:16 on Jun 03,2025
vlog -timescale 1ns/1ns -mfcu design.sv testbench.sv -work qrun.out/work -statslog qrun.out/stats_log -writesessionid "+qrun.out/top_dus" -csession=incr 
-- Compiling module Top_level
-- Compiling module Top_level0
-- Compiling module Alu
-- Compiling module ControlUnit
-- Compiling module DM
-- Compiling module data_mem
-- Compiling module InstructionROM
-- Compiling module Lut
-- Compiling module ProgramCounter
-- Compiling module RegFile
-- Compiling module Rr1Mux
-- Compiling module WriteDMux
-- Compiling module WriteRMux
-- Compiling module flt2fix_tb_noround

Top level modules:
	flt2fix_tb_noround
End time: 16:13:16 on Jun 03,2025, Elapsed time: 0:00:00
Errors: 0, Warnings: 0
QuestaSim-64 vopt 2024.3_1 Compiler 2024.10 Oct 17 2024
** Warning: (vopt-10587) Some optimizations are turned off because the +acc switch is in effect. This will cause your simulation to run slowly. Please use -access/-debug to maintain needed visibility. The +acc switch would be deprecated in a future release.
Start time: 16:13:16 on Jun 03,2025
vopt -access=rw+/. -timescale 1ns/1ns -mfcu "+acc=npr" -findtoplevels qrun.out/work+1+ -work qrun.out/work -statslog qrun.out/stats_log -csession=incr -o qrun_opt -csessionid=2 

Top level modules:
	flt2fix_tb_noround

Analyzing design...
-- Loading module flt2fix_tb_noround
-- Loading module Top_level0
-- Loading module data_mem
-- Loading module Top_level
-- Loading module ProgramCounter
-- Loading module InstructionROM
-- Loading module ControlUnit
-- Loading module Lut
-- Loading module RegFile
-- Loading module Alu
-- Loading module Rr1Mux
-- Loading module WriteRMux
-- Loading module WriteDMux
-- Loading module DM
Optimizing 14 design-units (inlining 0/14 module instances):
-- Optimizing module flt2fix_tb_noround(fast)
-- Optimizing module ControlUnit(fast)
-- Optimizing module Alu(fast)
-- Optimizing module Top_level(fast)
-- Optimizing module Top_level0(fast)
-- Optimizing module RegFile(fast)
-- Optimizing module data_mem(fast)
-- Optimizing module WriteRMux(fast)
-- Optimizing module DM(fast)
-- Optimizing module WriteDMux(fast)
-- Optimizing module ProgramCounter(fast)
-- Optimizing module Rr1Mux(fast)
-- Optimizing module Lut(fast)
-- Optimizing module InstructionROM(fast)
Optimized design name is qrun_opt
End time: 16:13:16 on Jun 03,2025, Elapsed time: 0:00:00
Errors: 0, Warnings: 1
# vsim -batch -lib qrun.out/work -do " run -all; exit" -statslog qrun.out/stats_log qrun_opt -appendlog -l qrun.log 
# Start time: 16:13:16 on Jun 03,2025
# //  Questa Sim-64
# //  Version 2024.3_1 linux_x86_64 Oct 17 2024
# //
# // Unpublished work. Copyright 2024 Siemens
# //
# // This material contains trade secrets or otherwise confidential information
# // owned by Siemens Industry Software Inc. or its affiliates (collectively,
# // "SISW"), or its licensors. Access to and use of this information is strictly
# // limited as set forth in the Customer's applicable agreements with SISW.
# //
# // This material may not be copied, distributed, or otherwise disclosed outside
# // of the Customer's facilities without the express written permission of SISW,
# // and may not be used in any way not expressly authorized by SISW.
# //
# Loading sv_std.std
# Loading work.flt2fix_tb_noround(fast)
# Loading work.Top_level0(fast)
# Loading work.data_mem(fast)
# Loading work.Top_level(fast)
# Loading work.ProgramCounter(fast)
# Loading work.InstructionROM(fast)
# Loading work.ControlUnit(fast)
# Loading work.Lut(fast)
# Loading work.RegFile(fast)
# Loading work.Alu(fast)
# Loading work.Rr1Mux(fast)
# Loading work.WriteRMux(fast)
# Loading work.WriteDMux(fast)
# Loading work.DM(fast)
# 
# run -all
# 0.000000 * 2**-15 = 0.000000 =          0
# original binary = 0_00000_0000000000
# from MAT = 0000000000000000 =     0
# from dum = 0000000000000000 =     0
# from DUT = 0000000000000000 =     0
#                 ct =           1, score0 =           1, score1 =            1
# 1.000000 * 2**  0 = 1.000000 =          1
# original binary = 0_01111_0000000000
# from MAT = 0000000100000000 =   256
# from dum = 0000000100000000 =   256
# from DUT = 0000000100000000 =   256
#                 ct =           2, score0 =           2, score1 =            2
# 1.500000 * 2**  0 = 1.500000 =          2
# original binary = 0_01111_1000000000
# from MAT = 0000000110000000 =   384
# from dum = 0000000110000000 =   384
# from DUT = 0000000110000000 =   384
#                 ct =           3, score0 =           3, score1 =            3
# 1.250000 * 2**  0 = 1.250000 =          1
# original binary = 0_01111_0100000000
# from MAT = 0000000101000000 =   320
# from dum = 0000000101000000 =   320
# from DUT = 0000000101000000 =   320
#                 ct =           4, score0 =           4, score1 =            4
# 1.750000 * 2**  0 = 1.750000 =          2
# original binary = 0_01111_1100000000
# from MAT = 0000000111000000 =   448
# from dum = 0000000111000000 =   448
# from DUT = 0000000111000000 =   448
#                 ct =           5, score0 =           5, score1 =            5
# 1.000000 * 2**  1 = 2.000000 =          2
# original binary = 0_10000_0000000000
# from MAT = 0000001000000000 =   512
# from dum = 0000001000000000 =   512
# from DUT = 0000001000000000 =   512
#                 ct =           6, score0 =           6, score1 =            6
# 1.500000 * 2**  1 = 3.000000 =          3
# original binary = 0_10000_1000000000
# from MAT = 0000001100000000 =   768
# from dum = 0000001100000000 =   768
# from DUT = 0000001100000000 =   768
#                 ct =           7, score0 =           7, score1 =            7
# 1.750000 * 2**  1 = 3.500000 =          4
# original binary = 0_10000_1100000000
# from MAT = 0000001110000000 =   896
# from dum = 0000001110000000 =   896
# from DUT = 0000001110000000 =   896
#                 ct =           8, score0 =           8, score1 =            8
# 1.875000 * 2**  1 = 3.750000 =          4
# original binary = 0_10000_1110000000
# from MAT = 0000001111000000 =   960
# from dum = 0000001111000000 =   960
# from DUT = 0000001111000000 =   960
#                 ct =           9, score0 =           9, score1 =            9
# 1.062500 * 2**  1 = 2.125000 =          2
# original binary = 0_10000_0001000000
# from MAT = 0000001000100000 =   544
# from dum = 0000001000100000 =   544
# from DUT = 0000001000100000 =   544
#                 ct =          10, score0 =          10, score1 =           10
# 1.312500 * 2**  1 = 2.625000 =          3
# original binary = 0_10000_0101000000
# from MAT = 0000001010100000 =   672
# from dum = 0000001010100000 =   672
# from DUT = 0000001010100000 =   672
#                 ct =          11, score0 =          11, score1 =           11
# 1.437500 * 2**  1 = 2.875000 =          3
# original binary = 0_10000_0111000000
# from MAT = 0000001011100000 =   736
# from dum = 0000001011100000 =   736
# from DUT = 0000001011100000 =   736
#                 ct =          12, score0 =          12, score1 =           12
# 1.750000 * 2**  3 = 14.000000 =         14
# original binary = 0_10010_1100000000
# from MAT = 0000111000000000 =  3584
# from dum = 0000111000000000 =  3584
# from DUT = 0000111000000000 =  3584
#                 ct =          13, score0 =          13, score1 =           13
# 1.875000 * 2**  3 = 15.000000 =         15
# original binary = 0_10010_1110000000
# from MAT = 0000111100000000 =  3840
# from dum = 0000111100000000 =  3840
# from DUT = 0000111100000000 =  3840
#                 ct =          14, score0 =          14, score1 =           14
# 1.750000 * 2**  9 = 15.000000 =        128
# original binary = 0_11000_1100000000
# from MAT = 0111111111111111 = 32767
# from dum = 0111111111111111 = 32767
# from DUT = 0111111111111111 = 32767
#                 ct =          15, score0 =          15, score1 =           15
# 1.750000 * 2** 10 = 15.000000 =        128
# original binary = 0_11001_1100000000
# from MAT = 0111111111111111 = 32767
# from dum = 0111111111111111 = 32767
# from DUT = 0111111111111111 = 32767
#                 ct =          16, score0 =          16, score1 =           16
# 1.875000 * 2** 14 = 15.000000 =        128
# original binary = 0_11101_1110000000
# from MAT = 0111111111111111 = 32767
# from dum = 0111111111111111 = 32767
# from DUT = 0111111111111111 = 32767
#                 ct =          17, score0 =          17, score1 =           17
# 1.875000 * 2** 15 = 15.000000 =        128
# original binary = 0_11110_1110000000
# from MAT = 0111111111111111 = 32767
# from dum = 0111111111111111 = 32767
# from DUT = 0111111111111111 = 32767
#                 ct =          18, score0 =          18, score1 =           18
# 0.000000 * 2**-15 = 0.000000 =          0
# original binary = 1_00000_0000000000
# from MAT = 0000000000000000 =     0
# from dum = 0000000000000000 =     0
# from DUT = 0000000000000000 =     0
#                 ct =          19, score0 =          19, score1 =           19
# 1.000000 * 2**  0 = 1.000000 = 4294967295
# original binary = 1_01111_0000000000
# from MAT = 1111111100000000 = 65280
# from dum = 1111111100000000 = 65280
# from DUT = 1111111100000000 = 65280
#                 ct =          20, score0 =          20, score1 =           20
# 1.500000 * 2**  0 = 1.500000 = 4294967294
# original binary = 1_01111_1000000000
# from MAT = 1111111010000000 = 65152
# from dum = 1111111010000000 = 65152
# from DUT = 1111111010000000 = 65152
#                 ct =          21, score0 =          21, score1 =           21
# 1.250000 * 2**  0 = 1.250000 = 4294967295
# original binary = 1_01111_0100000000
# from MAT = 1111111011000000 = 65216
# from dum = 1111111011000000 = 65216
# from DUT = 1111111011000000 = 65216
#                 ct =          22, score0 =          22, score1 =           22
# 1.750000 * 2**  0 = 1.750000 = 4294967294
# original binary = 1_01111_1100000000
# from MAT = 1111111001000000 = 65088
# from dum = 1111111001000000 = 65088
# from DUT = 1111111001000000 = 65088
#                 ct =          23, score0 =          23, score1 =           23
# 1.000000 * 2**  1 = 2.000000 = 4294967294
# original binary = 1_10000_0000000000
# from MAT = 1111111000000000 = 65024
# from dum = 1111111000000000 = 65024
# from DUT = 1111111000000000 = 65024
#                 ct =          24, score0 =          24, score1 =           24
# 1.500000 * 2**  1 = 3.000000 = 4294967293
# original binary = 1_10000_1000000000
# from MAT = 1111110100000000 = 64768
# from dum = 1111110100000000 = 64768
# from DUT = 1111110100000000 = 64768
#                 ct =          25, score0 =          25, score1 =           25
# 1.750000 * 2**  1 = 3.500000 = 4294967292
# original binary = 1_10000_1100000000
# from MAT = 1111110010000000 = 64640
# from dum = 1111110010000000 = 64640
# from DUT = 1111110010000000 = 64640
#                 ct =          26, score0 =          26, score1 =           26
# 1.875000 * 2**  1 = 3.750000 = 4294967292
# original binary = 1_10000_1110000000
# from MAT = 1111110001000000 = 64576
# from dum = 1111110001000000 = 64576
# from DUT = 1111110001000000 = 64576
#                 ct =          27, score0 =          27, score1 =           27
# 1.062500 * 2**  1 = 2.125000 = 4294967294
# original binary = 1_10000_0001000000
# from MAT = 1111110111100000 = 64992
# from dum = 1111110111100000 = 64992
# from DUT = 1111110111100000 = 64992
#                 ct =          28, score0 =          28, score1 =           28
# 1.062500 * 2**  1 = 2.125000 = 4294967294
# original binary = 1_10000_0001000000
# from MAT = 1111110111100000 = 64992
# from dum = 1111110111100000 = 64992
# from DUT = 1111110111100000 = 64992
#                 ct =          29, score0 =          29, score1 =           29
# 1.312500 * 2**  1 = 2.625000 = 4294967293
# original binary = 1_10000_0101000000
# from MAT = 1111110101100000 = 64864
# from dum = 1111110101100000 = 64864
# from DUT = 1111110101100000 = 64864
#                 ct =          30, score0 =          30, score1 =           30
# 1.437500 * 2**  1 = 2.875000 = 4294967293
# original binary = 1_10000_0111000000
# from MAT = 1111110100100000 = 64800
# from dum = 1111110100100000 = 64800
# from DUT = 1111110100100000 = 64800
#                 ct =          31, score0 =          31, score1 =           31
# 1.750000 * 2**  3 = 14.000000 = 4294967282
# original binary = 1_10010_1100000000
# from MAT = 1111001000000000 = 61952
# from dum = 1111001000000000 = 61952
# from DUT = 1111001000000000 = 61952
#                 ct =          32, score0 =          32, score1 =           32
# 1.875000 * 2**  3 = 15.000000 = 4294967281
# original binary = 1_10010_1110000000
# from MAT = 1111000100000000 = 61696
# from dum = 1111000100000000 = 61696
# from DUT = 1111000100000000 = 61696
#                 ct =          33, score0 =          33, score1 =           33
# 1.750000 * 2**  9 = 15.000000 = 4294967168
# original binary = 1_11000_1100000000
# from MAT = 1000000000000000 = 32768
# from dum = 1000000000000000 = 32768
# from DUT = 1000000000000000 = 32768
#                 ct =          34, score0 =          34, score1 =           34
# 1.750000 * 2** 10 = 15.000000 = 4294967168
# original binary = 1_11001_1100000000
# from MAT = 1000000000000000 = 32768
# from dum = 1000000000000000 = 32768
# from DUT = 1000000000000000 = 32768
#                 ct =          35, score0 =          35, score1 =           35
# 1.875000 * 2** 14 = 15.000000 = 4294967168
# original binary = 1_11101_1110000000
# from MAT = 1000000000000000 = 32768
# from dum = 1000000000000000 = 32768
# from DUT = 1000000000000000 = 32768
#                 ct =          36, score0 =          36, score1 =           36
# 1.875000 * 2** 15 = 15.000000 = 4294967168
# original binary = 1_11110_1110000000
# from MAT = 1000000000000000 = 32768
# from dum = 1000000000000000 = 32768
# from DUT = 1000000000000000 = 32768
#                 ct =          37, score0 =          37, score1 =           37
# correct          37 out of total          37
# correct          37 out of total          37
# ** Note: $stop    : flt2fix_tb_noround.sv(114)
#    Time: 34065 ns  Iteration: 0  Instance: /flt2fix_tb_noround
# Break in Module flt2fix_tb_noround at flt2fix_tb_noround.sv line 114
# Stopped at flt2fix_tb_noround.sv line 114
# exit
# End time: 16:13:17 on Jun 03,2025, Elapsed time: 0:00:01
# Errors: 0, Warnings: 0
End time: 16:13:17 on Jun 03,2025, Elapsed time: 0:00:01
*** Summary *********************************************
    qrun: Errors:   0, Warnings:   0
    vlog: Errors:   0, Warnings:   0
    vopt: Errors:   0, Warnings:   1
    vsim: Errors:   0, Warnings:   0
  Totals: Errors:   0, Warnings:   1
